// Jest Snapshot v1, https://goo.gl/fbAQLP

exports[`Default Modal 1`] = `
.c0 {
  background: white;
  box-shadow: 0 0 .5rem 0 rgba(0,0,0,0.5);
  position: fixed;
  top: 20%;
  left: 50%;
  -webkit-transform: translate(-50%,-50%);
  -ms-transform: translate(-50%,-50%);
  transform: translate(-50%,-50%);
  padding: 2rem;
  z-index: 9999;
}

.c0 nav {
  display: -webkit-box;
  display: -webkit-flex;
  display: -ms-flexbox;
  display: flex;
  -webkit-box-pack: justify;
  -webkit-justify-content: space-between;
  -ms-flex-pack: justify;
  justify-content: space-between;
  margin-top: 2rem;
}

<div
  className="c0"
>
  Modal
</div>
`;
